Copyright 1986-2018 Xilinx, Inc. All Rights Reserved.
-------------------------------------------------------------------------------------------------
| Tool Version : Vivado v.2018.2 (win64) Build 2258646 Thu Jun 14 20:03:12 MDT 2018
| Date         : Mon Apr  8 02:03:12 2019
| Host         : MSI running 64-bit major release  (build 9200)
| Command      : report_control_sets -verbose -file sc7z010_demo_wrapper_control_sets_placed.rpt
| Design       : sc7z010_demo_wrapper
| Device       : xc7z010
-------------------------------------------------------------------------------------------------

Control Set Information

Table of Contents
-----------------
1. Summary
2. Histogram
3. Flip-Flop Distribution
4. Detailed Control Set Information

1. Summary
----------

+----------------------------------------------------------+-------+
|                          Status                          | Count |
+----------------------------------------------------------+-------+
| Number of unique control sets                            |   110 |
| Unused register locations in slices containing registers |   192 |
+----------------------------------------------------------+-------+


2. Histogram
------------

+--------+--------------+
| Fanout | Control Sets |
+--------+--------------+
|      4 |            2 |
|      8 |           32 |
|     10 |            1 |
|     12 |            3 |
|    16+ |           72 |
+--------+--------------+


3. Flip-Flop Distribution
-------------------------

+--------------+-----------------------+------------------------+-----------------+--------------+
| Clock Enable | Synchronous Set/Reset | Asynchronous Set/Reset | Total Registers | Total Slices |
+--------------+-----------------------+------------------------+-----------------+--------------+
| No           | No                    | No                     |             492 |           90 |
| No           | No                    | Yes                    |               0 |            0 |
| No           | Yes                   | No                     |             430 |           89 |
| Yes          | No                    | No                     |            1380 |          156 |
| Yes          | No                    | Yes                    |               0 |            0 |
| Yes          | Yes                   | No                     |            1306 |          171 |
+--------------+-----------------------+------------------------+-----------------+--------------+


4. Detailed Control Set Information
-----------------------------------

+-----------------------------------------------------+------------------------------------------------------------------------------------------------------------------------------------------------------------------------------------------------------------+------------------------------------------------------------------------------------------------------------------------------------------------------------+------------------+----------------+
|                     Clock Signal                    |                                                                                                Enable Signal                                                                                               |                                                                      Set/Reset Signal                                                                      | Slice Load Count | Bel Load Count |
+-----------------------------------------------------+------------------------------------------------------------------------------------------------------------------------------------------------------------------------------------------------------------+------------------------------------------------------------------------------------------------------------------------------------------------------------+------------------+----------------+
|  sc7z010_demo_i/processing_system7_0/inst/FCLK_CLK0 | sc7z010_demo_i/ps7_0_axi_periph/m00_couplers/auto_pc/inst/gen_axilite.gen_b2s_conv.axilite_b2s/WR.b_channel_0/bid_fifo_0/bresp_push                                                                        |                                                                                                                                                            |                1 |              4 |
|  sc7z010_demo_i/processing_system7_0/inst/FCLK_CLK0 | sc7z010_demo_i/ps7_0_axi_periph/xbar/inst/gen_samd.crossbar_samd/gen_slave_slots[0].gen_si_write.wdata_router_w/wrouter_aw_fifo/gen_srls[0].gen_rep[1].srl_nx1/push                                        |                                                                                                                                                            |                1 |              4 |
|  sc7z010_demo_i/processing_system7_0/inst/FCLK_CLK0 | sc7z010_demo_i/ps7_0_axi_periph/xbar/inst/gen_samd.crossbar_samd/addr_arbiter_ar/gen_master_slots[0].r_issuing_cnt_reg[0][0]                                                                               | sc7z010_demo_i/ps7_0_axi_periph/xbar/inst/gen_samd.crossbar_samd/gen_slave_slots[0].gen_si_write.si_transactor_aw/gen_multi_thread.arbiter_resp_inst/SR[0] |                2 |              8 |
|  sc7z010_demo_i/processing_system7_0/inst/FCLK_CLK0 |                                                                                                                                                                                                            | sc7z010_demo_i/axi_gpio_0/U0/AXI_LITE_IPIF_I/I_SLAVE_ATTACHMENT/clear                                                                                      |                1 |              8 |
|  sc7z010_demo_i/processing_system7_0/inst/FCLK_CLK0 | sc7z010_demo_i/ps7_0_axi_periph/xbar/inst/gen_samd.crossbar_samd/gen_slave_slots[0].gen_si_read.si_transactor_ar/gen_multi_thread.arbiter_resp_inst/gen_multi_thread.active_cnt_reg[34][0]                 | sc7z010_demo_i/ps7_0_axi_periph/xbar/inst/gen_samd.crossbar_samd/gen_slave_slots[0].gen_si_write.si_transactor_aw/gen_multi_thread.arbiter_resp_inst/SR[0] |                2 |              8 |
|  sc7z010_demo_i/processing_system7_0/inst/FCLK_CLK0 | sc7z010_demo_i/ps7_0_axi_periph/xbar/inst/gen_samd.crossbar_samd/gen_slave_slots[0].gen_si_read.si_transactor_ar/gen_multi_thread.arbiter_resp_inst/gen_multi_thread.active_cnt_reg[50][0]                 | sc7z010_demo_i/ps7_0_axi_periph/xbar/inst/gen_samd.crossbar_samd/gen_slave_slots[0].gen_si_write.si_transactor_aw/gen_multi_thread.arbiter_resp_inst/SR[0] |                1 |              8 |
|  sc7z010_demo_i/processing_system7_0/inst/FCLK_CLK0 | sc7z010_demo_i/axi_bram_ctrl_0/U0/gext_inst.abcv4_0_ext_inst/GEN_AXI4.I_FULL_AXI/I_WR_CHNL/wrdata_reg_ld                                                                                                   | sc7z010_demo_i/axi_bram_ctrl_0/U0/gext_inst.abcv4_0_ext_inst/GEN_AXI4.I_FULL_AXI/I_WR_CHNL/GEN_WR_NO_ECC.bram_we_int[3]_i_1_n_0                            |                1 |              8 |
|  sc7z010_demo_i/processing_system7_0/inst/FCLK_CLK0 |                                                                                                                                                                                                            | sc7z010_demo_i/axi_bram_ctrl_0/U0/gext_inst.abcv4_0_ext_inst/GEN_AXI4.I_FULL_AXI/I_WR_CHNL/GEN_AW_DUAL.aw_active_reg_0                                     |                3 |              8 |
|  sc7z010_demo_i/processing_system7_0/inst/FCLK_CLK0 | sc7z010_demo_i/ps7_0_axi_periph/xbar/inst/gen_samd.crossbar_samd/gen_slave_slots[0].gen_si_read.si_transactor_ar/gen_multi_thread.arbiter_resp_inst/E[0]                                                   | sc7z010_demo_i/ps7_0_axi_periph/xbar/inst/gen_samd.crossbar_samd/gen_slave_slots[0].gen_si_write.si_transactor_aw/gen_multi_thread.arbiter_resp_inst/SR[0] |                2 |              8 |
|  sc7z010_demo_i/processing_system7_0/inst/FCLK_CLK0 | sc7z010_demo_i/ps7_0_axi_periph/xbar/inst/gen_samd.crossbar_samd/gen_slave_slots[0].gen_si_read.si_transactor_ar/gen_multi_thread.arbiter_resp_inst/gen_multi_thread.active_cnt_reg[58][0]                 | sc7z010_demo_i/ps7_0_axi_periph/xbar/inst/gen_samd.crossbar_samd/gen_slave_slots[0].gen_si_write.si_transactor_aw/gen_multi_thread.arbiter_resp_inst/SR[0] |                2 |              8 |
|  sc7z010_demo_i/processing_system7_0/inst/FCLK_CLK0 | sc7z010_demo_i/ps7_0_axi_periph/xbar/inst/gen_samd.crossbar_samd/gen_slave_slots[0].gen_si_read.si_transactor_ar/gen_multi_thread.arbiter_resp_inst/gen_multi_thread.active_cnt_reg[2][0]                  | sc7z010_demo_i/ps7_0_axi_periph/xbar/inst/gen_samd.crossbar_samd/gen_slave_slots[0].gen_si_write.si_transactor_aw/gen_multi_thread.arbiter_resp_inst/SR[0] |                1 |              8 |
|  sc7z010_demo_i/processing_system7_0/inst/FCLK_CLK0 | sc7z010_demo_i/ps7_0_axi_periph/xbar/inst/gen_samd.crossbar_samd/gen_slave_slots[0].gen_si_write.wdata_router_w/wrouter_aw_fifo/m_valid_i                                                                  | sc7z010_demo_i/ps7_0_axi_periph/xbar/inst/gen_samd.crossbar_samd/gen_slave_slots[0].gen_si_write.wdata_router_w/wrouter_aw_fifo/areset_d1                  |                2 |              8 |
|  sc7z010_demo_i/processing_system7_0/inst/FCLK_CLK0 | sc7z010_demo_i/ps7_0_axi_periph/xbar/inst/gen_samd.crossbar_samd/gen_slave_slots[0].gen_si_read.si_transactor_ar/gen_multi_thread.arbiter_resp_inst/gen_multi_thread.active_cnt_reg[18][0]                 | sc7z010_demo_i/ps7_0_axi_periph/xbar/inst/gen_samd.crossbar_samd/gen_slave_slots[0].gen_si_write.si_transactor_aw/gen_multi_thread.arbiter_resp_inst/SR[0] |                1 |              8 |
|  sc7z010_demo_i/processing_system7_0/inst/FCLK_CLK0 |                                                                                                                                                                                                            | sc7z010_demo_i/ps7_0_axi_periph/m00_couplers/auto_pc/inst/gen_axilite.gen_b2s_conv.axilite_b2s/SI_REG/ar.ar_pipe/m_valid_i_reg_0                           |                3 |              8 |
|  sc7z010_demo_i/processing_system7_0/inst/FCLK_CLK0 |                                                                                                                                                                                                            | sc7z010_demo_i/ps7_0_axi_periph/m00_couplers/auto_pc/inst/gen_axilite.gen_b2s_conv.axilite_b2s/SI_REG/aw.aw_pipe/s_ready_i_reg_0                           |                3 |              8 |
|  sc7z010_demo_i/processing_system7_0/inst/FCLK_CLK0 | sc7z010_demo_i/ps7_0_axi_periph/xbar/inst/gen_samd.crossbar_samd/gen_slave_slots[0].gen_si_write.si_transactor_aw/gen_multi_thread.arbiter_resp_inst/gen_multi_thread.active_cnt_reg[58][0]                | sc7z010_demo_i/ps7_0_axi_periph/xbar/inst/gen_samd.crossbar_samd/gen_slave_slots[0].gen_si_write.si_transactor_aw/gen_multi_thread.arbiter_resp_inst/SR[0] |                2 |              8 |
|  sc7z010_demo_i/processing_system7_0/inst/FCLK_CLK0 | sc7z010_demo_i/axi_gpio_0/U0/AXI_LITE_IPIF_I/I_SLAVE_ATTACHMENT/bus2ip_addr_i[8]_i_1_n_0                                                                                                                   | sc7z010_demo_i/axi_gpio_0/U0/AXI_LITE_IPIF_I/I_SLAVE_ATTACHMENT/SR[0]                                                                                      |                2 |              8 |
|  sc7z010_demo_i/processing_system7_0/inst/FCLK_CLK0 | sc7z010_demo_i/axi_gpio_0/U0/AXI_LITE_IPIF_I/I_SLAVE_ATTACHMENT/start2                                                                                                                                     | sc7z010_demo_i/axi_gpio_0/U0/AXI_LITE_IPIF_I/I_SLAVE_ATTACHMENT/I_DECODER/cs_ce_clr                                                                        |                1 |              8 |
|  sc7z010_demo_i/processing_system7_0/inst/FCLK_CLK0 | sc7z010_demo_i/ps7_0_axi_periph/xbar/inst/gen_samd.crossbar_samd/gen_slave_slots[0].gen_si_write.si_transactor_aw/gen_multi_thread.arbiter_resp_inst/gen_multi_thread.active_cnt_reg[50][0]                | sc7z010_demo_i/ps7_0_axi_periph/xbar/inst/gen_samd.crossbar_samd/gen_slave_slots[0].gen_si_write.si_transactor_aw/gen_multi_thread.arbiter_resp_inst/SR[0] |                1 |              8 |
|  sc7z010_demo_i/processing_system7_0/inst/FCLK_CLK0 | sc7z010_demo_i/ps7_0_axi_periph/xbar/inst/gen_samd.crossbar_samd/gen_slave_slots[0].gen_si_write.si_transactor_aw/gen_multi_thread.arbiter_resp_inst/gen_multi_thread.active_cnt_reg[34][0]                | sc7z010_demo_i/ps7_0_axi_periph/xbar/inst/gen_samd.crossbar_samd/gen_slave_slots[0].gen_si_write.si_transactor_aw/gen_multi_thread.arbiter_resp_inst/SR[0] |                2 |              8 |
|  sc7z010_demo_i/processing_system7_0/inst/FCLK_CLK0 | sc7z010_demo_i/ps7_0_axi_periph/xbar/inst/gen_samd.crossbar_samd/gen_slave_slots[0].gen_si_write.si_transactor_aw/gen_multi_thread.arbiter_resp_inst/gen_multi_thread.active_cnt_reg[2][0]                 | sc7z010_demo_i/ps7_0_axi_periph/xbar/inst/gen_samd.crossbar_samd/gen_slave_slots[0].gen_si_write.si_transactor_aw/gen_multi_thread.arbiter_resp_inst/SR[0] |                1 |              8 |
|  sc7z010_demo_i/processing_system7_0/inst/FCLK_CLK0 | sc7z010_demo_i/ps7_0_axi_periph/xbar/inst/gen_samd.crossbar_samd/addr_arbiter_ar/gen_master_slots[1].r_issuing_cnt_reg[8][0]                                                                               | sc7z010_demo_i/ps7_0_axi_periph/xbar/inst/gen_samd.crossbar_samd/gen_slave_slots[0].gen_si_write.si_transactor_aw/gen_multi_thread.arbiter_resp_inst/SR[0] |                2 |              8 |
|  sc7z010_demo_i/processing_system7_0/inst/FCLK_CLK0 | sc7z010_demo_i/ps7_0_axi_periph/xbar/inst/gen_samd.crossbar_samd/gen_slave_slots[0].gen_si_write.si_transactor_aw/gen_multi_thread.arbiter_resp_inst/gen_multi_thread.active_cnt_reg[18][0]                | sc7z010_demo_i/ps7_0_axi_periph/xbar/inst/gen_samd.crossbar_samd/gen_slave_slots[0].gen_si_write.si_transactor_aw/gen_multi_thread.arbiter_resp_inst/SR[0] |                1 |              8 |
|  sc7z010_demo_i/processing_system7_0/inst/FCLK_CLK0 | sc7z010_demo_i/axi_bram_ctrl_0/U0/gext_inst.abcv4_0_ext_inst/GEN_AXI4.I_FULL_AXI/I_RD_CHNL/FSM_sequential_rd_data_sm_cs[3]_i_1_n_0                                                                         | sc7z010_demo_i/axi_bram_ctrl_0/U0/gext_inst.abcv4_0_ext_inst/GEN_AXI4.I_FULL_AXI/I_RD_CHNL/I_WRAP_BRST/SR[0]                                               |                3 |              8 |
|  sc7z010_demo_i/processing_system7_0/inst/FCLK_CLK0 | sc7z010_demo_i/ps7_0_axi_periph/xbar/inst/gen_samd.crossbar_samd/gen_slave_slots[0].gen_si_write.si_transactor_aw/gen_multi_thread.arbiter_resp_inst/gen_multi_thread.active_cnt_reg[26][0]                | sc7z010_demo_i/ps7_0_axi_periph/xbar/inst/gen_samd.crossbar_samd/gen_slave_slots[0].gen_si_write.si_transactor_aw/gen_multi_thread.arbiter_resp_inst/SR[0] |                2 |              8 |
|  sc7z010_demo_i/processing_system7_0/inst/FCLK_CLK0 | sc7z010_demo_i/ps7_0_axi_periph/xbar/inst/gen_samd.crossbar_samd/gen_slave_slots[0].gen_si_write.si_transactor_aw/gen_multi_thread.arbiter_resp_inst/E[0]                                                  | sc7z010_demo_i/ps7_0_axi_periph/xbar/inst/gen_samd.crossbar_samd/gen_slave_slots[0].gen_si_write.si_transactor_aw/gen_multi_thread.arbiter_resp_inst/SR[0] |                2 |              8 |
|  sc7z010_demo_i/processing_system7_0/inst/FCLK_CLK0 | sc7z010_demo_i/ps7_0_axi_periph/xbar/inst/gen_samd.crossbar_samd/gen_slave_slots[0].gen_si_write.si_transactor_aw/gen_multi_thread.arbiter_resp_inst/gen_multi_thread.accept_cnt_reg[3]_0[0]               | sc7z010_demo_i/ps7_0_axi_periph/xbar/inst/gen_samd.crossbar_samd/gen_slave_slots[0].gen_si_write.si_transactor_aw/gen_multi_thread.arbiter_resp_inst/SR[0] |                2 |              8 |
|  sc7z010_demo_i/processing_system7_0/inst/FCLK_CLK0 | sc7z010_demo_i/ps7_0_axi_periph/xbar/inst/gen_samd.crossbar_samd/gen_slave_slots[0].gen_si_write.si_transactor_aw/gen_multi_thread.arbiter_resp_inst/gen_multi_thread.active_cnt_reg[10][0]                | sc7z010_demo_i/ps7_0_axi_periph/xbar/inst/gen_samd.crossbar_samd/gen_slave_slots[0].gen_si_write.si_transactor_aw/gen_multi_thread.arbiter_resp_inst/SR[0] |                2 |              8 |
|  sc7z010_demo_i/processing_system7_0/inst/FCLK_CLK0 | sc7z010_demo_i/ps7_0_axi_periph/xbar/inst/gen_samd.crossbar_samd/gen_slave_slots[0].gen_si_write.si_transactor_aw/gen_multi_thread.arbiter_resp_inst/gen_master_slots[1].w_issuing_cnt_reg[8][0]           | sc7z010_demo_i/ps7_0_axi_periph/xbar/inst/gen_samd.crossbar_samd/gen_slave_slots[0].gen_si_write.si_transactor_aw/gen_multi_thread.arbiter_resp_inst/SR[0] |                2 |              8 |
|  sc7z010_demo_i/processing_system7_0/inst/FCLK_CLK0 | sc7z010_demo_i/ps7_0_axi_periph/xbar/inst/gen_samd.crossbar_samd/gen_slave_slots[0].gen_si_read.si_transactor_ar/gen_multi_thread.arbiter_resp_inst/gen_multi_thread.active_cnt_reg[42][0]                 | sc7z010_demo_i/ps7_0_axi_periph/xbar/inst/gen_samd.crossbar_samd/gen_slave_slots[0].gen_si_write.si_transactor_aw/gen_multi_thread.arbiter_resp_inst/SR[0] |                1 |              8 |
|  sc7z010_demo_i/processing_system7_0/inst/FCLK_CLK0 | sc7z010_demo_i/ps7_0_axi_periph/xbar/inst/gen_samd.crossbar_samd/gen_slave_slots[0].gen_si_write.si_transactor_aw/gen_multi_thread.arbiter_resp_inst/gen_master_slots[0].w_issuing_cnt_reg[0]_0[0]         | sc7z010_demo_i/ps7_0_axi_periph/xbar/inst/gen_samd.crossbar_samd/gen_slave_slots[0].gen_si_write.si_transactor_aw/gen_multi_thread.arbiter_resp_inst/SR[0] |                2 |              8 |
|  sc7z010_demo_i/processing_system7_0/inst/FCLK_CLK0 | sc7z010_demo_i/ps7_0_axi_periph/xbar/inst/gen_samd.crossbar_samd/gen_slave_slots[0].gen_si_read.si_transactor_ar/gen_multi_thread.arbiter_resp_inst/gen_multi_thread.active_cnt_reg[10][0]                 | sc7z010_demo_i/ps7_0_axi_periph/xbar/inst/gen_samd.crossbar_samd/gen_slave_slots[0].gen_si_write.si_transactor_aw/gen_multi_thread.arbiter_resp_inst/SR[0] |                1 |              8 |
|  sc7z010_demo_i/processing_system7_0/inst/FCLK_CLK0 | sc7z010_demo_i/axi_bram_ctrl_0/U0/gext_inst.abcv4_0_ext_inst/GEN_AXI4.I_FULL_AXI/I_WR_CHNL/BID_FIFO/bid_fifo_not_empty                                                                                     | sc7z010_demo_i/axi_bram_ctrl_0/U0/gext_inst.abcv4_0_ext_inst/GEN_AXI4.I_FULL_AXI/I_RD_CHNL/I_WRAP_BRST/SR[0]                                               |                1 |              8 |
|  sc7z010_demo_i/processing_system7_0/inst/FCLK_CLK0 | sc7z010_demo_i/ps7_0_axi_periph/xbar/inst/gen_samd.crossbar_samd/gen_slave_slots[0].gen_si_read.si_transactor_ar/gen_multi_thread.arbiter_resp_inst/gen_multi_thread.accept_cnt_reg[3][0]                  | sc7z010_demo_i/ps7_0_axi_periph/xbar/inst/gen_samd.crossbar_samd/gen_slave_slots[0].gen_si_write.si_transactor_aw/gen_multi_thread.arbiter_resp_inst/SR[0] |                1 |              8 |
|  sc7z010_demo_i/processing_system7_0/inst/FCLK_CLK0 |                                                                                                                                                                                                            | sc7z010_demo_i/rst_ps7_0_50M/U0/EXT_LPF/lpf_int                                                                                                            |                2 |             10 |
|  sc7z010_demo_i/processing_system7_0/inst/FCLK_CLK0 | sc7z010_demo_i/rst_ps7_0_50M/U0/SEQ/seq_cnt_en                                                                                                                                                             | sc7z010_demo_i/rst_ps7_0_50M/U0/SEQ/SEQ_COUNTER/clear                                                                                                      |                1 |             12 |
|  sc7z010_demo_i/processing_system7_0/inst/FCLK_CLK0 |                                                                                                                                                                                                            | sc7z010_demo_i/ps7_0_axi_periph/xbar/inst/gen_samd.crossbar_samd/gen_master_slots[1].reg_slice_mi/b.b_pipe/p_1_in                                          |                4 |             12 |
|  sc7z010_demo_i/processing_system7_0/inst/FCLK_CLK0 |                                                                                                                                                                                                            | sc7z010_demo_i/ps7_0_axi_periph/xbar/inst/gen_samd.crossbar_samd/gen_master_slots[1].reg_slice_mi/b.b_pipe/m_valid_i_reg_0                                 |                3 |             12 |
|  sc7z010_demo_i/processing_system7_0/inst/FCLK_CLK0 | sc7z010_demo_i/axi_bram_ctrl_0/U0/gext_inst.abcv4_0_ext_inst/GEN_AXI4.I_FULL_AXI/I_RD_CHNL/brst_cnt[7]_i_1_n_0                                                                                             | sc7z010_demo_i/axi_bram_ctrl_0/U0/gext_inst.abcv4_0_ext_inst/GEN_AXI4.I_FULL_AXI/I_RD_CHNL/I_WRAP_BRST/SR[0]                                               |                3 |             16 |
|  sc7z010_demo_i/processing_system7_0/inst/FCLK_CLK0 | sc7z010_demo_i/ps7_0_axi_periph/xbar/inst/gen_samd.crossbar_samd/gen_decerr_slave.decerr_slave_inst/gen_axi.read_cnt[7]_i_1_n_0                                                                            | sc7z010_demo_i/ps7_0_axi_periph/xbar/inst/gen_samd.crossbar_samd/gen_slave_slots[0].gen_si_write.si_transactor_aw/gen_multi_thread.arbiter_resp_inst/SR[0] |                2 |             16 |
|  sc7z010_demo_i/processing_system7_0/inst/FCLK_CLK0 | sc7z010_demo_i/ps7_0_axi_periph/m00_couplers/auto_pc/inst/gen_axilite.gen_b2s_conv.axilite_b2s/WR.b_channel_0/mhandshake_r                                                                                 | sc7z010_demo_i/ps7_0_axi_periph/m00_couplers/auto_pc/inst/gen_axilite.gen_b2s_conv.axilite_b2s/WR.b_channel_0/bid_fifo_0/SR[0]                             |                2 |             16 |
|  sc7z010_demo_i/processing_system7_0/inst/FCLK_CLK0 | sc7z010_demo_i/axi_bram_ctrl_0/U0/gext_inst.abcv4_0_ext_inst/GEN_AXI4.I_FULL_AXI/I_WR_CHNL/I_WRAP_BRST/E[0]                                                                                                | sc7z010_demo_i/axi_bram_ctrl_0/U0/gext_inst.abcv4_0_ext_inst/GEN_AXI4.I_FULL_AXI/I_WR_CHNL/I_WRAP_BRST/GEN_DUAL_ADDR_CNT.bram_addr_int_reg[11]             |                4 |             20 |
|  sc7z010_demo_i/processing_system7_0/inst/FCLK_CLK0 | sc7z010_demo_i/axi_bram_ctrl_0/U0/gext_inst.abcv4_0_ext_inst/GEN_AXI4.I_FULL_AXI/I_RD_CHNL/I_WRAP_BRST/E[0]                                                                                                |                                                                                                                                                            |                4 |             20 |
|  sc7z010_demo_i/processing_system7_0/inst/FCLK_CLK0 | sc7z010_demo_i/axi_bram_ctrl_0/U0/gext_inst.abcv4_0_ext_inst/GEN_AXI4.I_FULL_AXI/I_RD_CHNL/p_26_out                                                                                                        | sc7z010_demo_i/axi_bram_ctrl_0/U0/gext_inst.abcv4_0_ext_inst/GEN_AXI4.I_FULL_AXI/I_RD_CHNL/I_WRAP_BRST/SR[0]                                               |                2 |             24 |
|  sc7z010_demo_i/processing_system7_0/inst/FCLK_CLK0 | sc7z010_demo_i/axi_bram_ctrl_0/U0/gext_inst.abcv4_0_ext_inst/GEN_AXI4.I_FULL_AXI/I_RD_CHNL/GEN_RID.axi_rid_temp[11]_i_1_n_0                                                                                | sc7z010_demo_i/axi_bram_ctrl_0/U0/gext_inst.abcv4_0_ext_inst/GEN_AXI4.I_FULL_AXI/I_RD_CHNL/I_WRAP_BRST/SR[0]                                               |                3 |             24 |
|  sc7z010_demo_i/processing_system7_0/inst/FCLK_CLK0 | sc7z010_demo_i/ps7_0_axi_periph/m00_couplers/auto_pc/inst/gen_axilite.gen_b2s_conv.axilite_b2s/RD.ar_channel_0/ar_cmd_fsm_0/axaddr_incr_reg[0][0]                                                          |                                                                                                                                                            |                2 |             24 |
|  sc7z010_demo_i/processing_system7_0/inst/FCLK_CLK0 | sc7z010_demo_i/axi_bram_ctrl_0/U0/gext_inst.abcv4_0_ext_inst/GEN_AXI4.I_FULL_AXI/I_RD_CHNL/p_4_out                                                                                                         | sc7z010_demo_i/axi_bram_ctrl_0/U0/gext_inst.abcv4_0_ext_inst/GEN_AXI4.I_FULL_AXI/I_RD_CHNL/GEN_RID.axi_rid_int[11]_i_1_n_0                                 |                2 |             24 |
|  sc7z010_demo_i/processing_system7_0/inst/FCLK_CLK0 | sc7z010_demo_i/axi_bram_ctrl_0/U0/gext_inst.abcv4_0_ext_inst/GEN_AXI4.I_FULL_AXI/I_WR_CHNL/BID_FIFO/E[0]                                                                                                   | sc7z010_demo_i/axi_bram_ctrl_0/U0/gext_inst.abcv4_0_ext_inst/GEN_AXI4.I_FULL_AXI/I_RD_CHNL/I_WRAP_BRST/SR[0]                                               |                4 |             24 |
|  sc7z010_demo_i/processing_system7_0/inst/FCLK_CLK0 | sc7z010_demo_i/axi_bram_ctrl_0/U0/gext_inst.abcv4_0_ext_inst/GEN_AXI4.I_FULL_AXI/I_WR_CHNL/BID_FIFO/CI                                                                                                     |                                                                                                                                                            |                2 |             24 |
|  sc7z010_demo_i/processing_system7_0/inst/FCLK_CLK0 | sc7z010_demo_i/ps7_0_axi_periph/xbar/inst/gen_samd.crossbar_samd/addr_arbiter_ar/E[0]                                                                                                                      | sc7z010_demo_i/ps7_0_axi_periph/xbar/inst/gen_samd.crossbar_samd/gen_slave_slots[0].gen_si_write.si_transactor_aw/gen_multi_thread.arbiter_resp_inst/SR[0] |                2 |             24 |
|  sc7z010_demo_i/processing_system7_0/inst/FCLK_CLK0 | sc7z010_demo_i/ps7_0_axi_periph/xbar/inst/gen_samd.crossbar_samd/gen_decerr_slave.decerr_slave_inst/gen_axi.s_axi_bid_i[11]_i_1_n_0                                                                        | sc7z010_demo_i/ps7_0_axi_periph/xbar/inst/gen_samd.crossbar_samd/gen_slave_slots[0].gen_si_write.si_transactor_aw/gen_multi_thread.arbiter_resp_inst/SR[0] |                2 |             24 |
|  sc7z010_demo_i/processing_system7_0/inst/FCLK_CLK0 | sc7z010_demo_i/ps7_0_axi_periph/xbar/inst/gen_samd.crossbar_samd/gen_master_slots[1].reg_slice_mi/b.b_pipe/m_payload_i[13]_i_1__0_n_0                                                                      |                                                                                                                                                            |                2 |             24 |
|  sc7z010_demo_i/processing_system7_0/inst/FCLK_CLK0 | sc7z010_demo_i/ps7_0_axi_periph/xbar/inst/gen_samd.crossbar_samd/gen_master_slots[2].reg_slice_mi/b.b_pipe/gen_slave_slots[0].gen_si_write.si_transactor_aw/gen_multi_thread.arbiter_resp_inst/chosen40_in |                                                                                                                                                            |                3 |             24 |
|  sc7z010_demo_i/processing_system7_0/inst/FCLK_CLK0 | sc7z010_demo_i/ps7_0_axi_periph/m00_couplers/auto_pc/inst/gen_axilite.gen_b2s_conv.axilite_b2s/WR.aw_channel_0/aw_cmd_fsm_0/E[0]                                                                           |                                                                                                                                                            |                6 |             24 |
|  sc7z010_demo_i/processing_system7_0/inst/FCLK_CLK0 | sc7z010_demo_i/ps7_0_axi_periph/m00_couplers/auto_pc/inst/gen_axilite.gen_b2s_conv.axilite_b2s/WR.aw_channel_0/aw_cmd_fsm_0/axaddr_incr_reg[0][0]                                                          |                                                                                                                                                            |                2 |             24 |
|  sc7z010_demo_i/processing_system7_0/inst/FCLK_CLK0 | sc7z010_demo_i/ps7_0_axi_periph/m00_couplers/auto_pc/inst/gen_axilite.gen_b2s_conv.axilite_b2s/RD.ar_channel_0/ar_cmd_fsm_0/E[0]                                                                           |                                                                                                                                                            |                6 |             24 |
|  sc7z010_demo_i/processing_system7_0/inst/FCLK_CLK0 | sc7z010_demo_i/ps7_0_axi_periph/xbar/inst/gen_samd.crossbar_samd/gen_slave_slots[0].gen_si_read.si_transactor_ar/gen_multi_thread.arbiter_resp_inst/m_payload_i_reg[34][0]                                 |                                                                                                                                                            |                3 |             26 |
|  sc7z010_demo_i/processing_system7_0/inst/FCLK_CLK0 | sc7z010_demo_i/ps7_0_axi_periph/xbar/inst/gen_samd.crossbar_samd/gen_master_slots[2].reg_slice_mi/r.r_pipe/skid_buffer_reg[34]_0                                                                           |                                                                                                                                                            |                2 |             26 |
|  sc7z010_demo_i/processing_system7_0/inst/FCLK_CLK0 | sc7z010_demo_i/ps7_0_axi_periph/m00_couplers/auto_pc/inst/gen_axilite.gen_b2s_conv.axilite_b2s/RD.r_channel_0/r_push_r                                                                                     |                                                                                                                                                            |                4 |             26 |
|  sc7z010_demo_i/processing_system7_0/inst/FCLK_CLK0 | sc7z010_demo_i/ps7_0_axi_periph/xbar/inst/gen_samd.crossbar_samd/gen_slave_slots[0].gen_si_read.si_transactor_ar/gen_multi_thread.cmd_push_5                                                               | sc7z010_demo_i/ps7_0_axi_periph/xbar/inst/gen_samd.crossbar_samd/gen_slave_slots[0].gen_si_write.si_transactor_aw/gen_multi_thread.arbiter_resp_inst/SR[0] |                3 |             28 |
|  sc7z010_demo_i/processing_system7_0/inst/FCLK_CLK0 | sc7z010_demo_i/ps7_0_axi_periph/xbar/inst/gen_samd.crossbar_samd/gen_slave_slots[0].gen_si_read.si_transactor_ar/gen_multi_thread.cmd_push_7                                                               | sc7z010_demo_i/ps7_0_axi_periph/xbar/inst/gen_samd.crossbar_samd/gen_slave_slots[0].gen_si_write.si_transactor_aw/gen_multi_thread.arbiter_resp_inst/SR[0] |                2 |             28 |
|  sc7z010_demo_i/processing_system7_0/inst/FCLK_CLK0 | sc7z010_demo_i/ps7_0_axi_periph/xbar/inst/gen_samd.crossbar_samd/gen_slave_slots[0].gen_si_write.si_transactor_aw/gen_multi_thread.cmd_push_0                                                              | sc7z010_demo_i/ps7_0_axi_periph/xbar/inst/gen_samd.crossbar_samd/gen_slave_slots[0].gen_si_write.si_transactor_aw/gen_multi_thread.arbiter_resp_inst/SR[0] |                3 |             28 |
|  sc7z010_demo_i/processing_system7_0/inst/FCLK_CLK0 | sc7z010_demo_i/ps7_0_axi_periph/xbar/inst/gen_samd.crossbar_samd/gen_slave_slots[0].gen_si_read.si_transactor_ar/gen_multi_thread.cmd_push_4                                                               | sc7z010_demo_i/ps7_0_axi_periph/xbar/inst/gen_samd.crossbar_samd/gen_slave_slots[0].gen_si_write.si_transactor_aw/gen_multi_thread.arbiter_resp_inst/SR[0] |                3 |             28 |
|  sc7z010_demo_i/processing_system7_0/inst/FCLK_CLK0 | sc7z010_demo_i/ps7_0_axi_periph/xbar/inst/gen_samd.crossbar_samd/gen_slave_slots[0].gen_si_read.si_transactor_ar/gen_multi_thread.cmd_push_2                                                               | sc7z010_demo_i/ps7_0_axi_periph/xbar/inst/gen_samd.crossbar_samd/gen_slave_slots[0].gen_si_write.si_transactor_aw/gen_multi_thread.arbiter_resp_inst/SR[0] |                4 |             28 |
|  sc7z010_demo_i/processing_system7_0/inst/FCLK_CLK0 | sc7z010_demo_i/ps7_0_axi_periph/xbar/inst/gen_samd.crossbar_samd/gen_slave_slots[0].gen_si_read.si_transactor_ar/gen_multi_thread.cmd_push_1                                                               | sc7z010_demo_i/ps7_0_axi_periph/xbar/inst/gen_samd.crossbar_samd/gen_slave_slots[0].gen_si_write.si_transactor_aw/gen_multi_thread.arbiter_resp_inst/SR[0] |                3 |             28 |
|  sc7z010_demo_i/processing_system7_0/inst/FCLK_CLK0 | sc7z010_demo_i/ps7_0_axi_periph/xbar/inst/gen_samd.crossbar_samd/gen_slave_slots[0].gen_si_read.si_transactor_ar/gen_multi_thread.cmd_push_6                                                               | sc7z010_demo_i/ps7_0_axi_periph/xbar/inst/gen_samd.crossbar_samd/gen_slave_slots[0].gen_si_write.si_transactor_aw/gen_multi_thread.arbiter_resp_inst/SR[0] |                4 |             28 |
|  sc7z010_demo_i/processing_system7_0/inst/FCLK_CLK0 | sc7z010_demo_i/ps7_0_axi_periph/xbar/inst/gen_samd.crossbar_samd/gen_slave_slots[0].gen_si_read.si_transactor_ar/gen_multi_thread.cmd_push_3                                                               | sc7z010_demo_i/ps7_0_axi_periph/xbar/inst/gen_samd.crossbar_samd/gen_slave_slots[0].gen_si_write.si_transactor_aw/gen_multi_thread.arbiter_resp_inst/SR[0] |                3 |             28 |
|  sc7z010_demo_i/processing_system7_0/inst/FCLK_CLK0 | sc7z010_demo_i/ps7_0_axi_periph/xbar/inst/gen_samd.crossbar_samd/gen_master_slots[0].reg_slice_mi/b.b_pipe/gen_slave_slots[0].gen_si_write.si_transactor_aw/gen_multi_thread.arbiter_resp_inst/chosen41_in |                                                                                                                                                            |                4 |             28 |
|  sc7z010_demo_i/processing_system7_0/inst/FCLK_CLK0 | sc7z010_demo_i/ps7_0_axi_periph/xbar/inst/gen_samd.crossbar_samd/gen_slave_slots[0].gen_si_write.si_transactor_aw/gen_multi_thread.cmd_push_7                                                              | sc7z010_demo_i/ps7_0_axi_periph/xbar/inst/gen_samd.crossbar_samd/gen_slave_slots[0].gen_si_write.si_transactor_aw/gen_multi_thread.arbiter_resp_inst/SR[0] |                3 |             28 |
|  sc7z010_demo_i/processing_system7_0/inst/FCLK_CLK0 | sc7z010_demo_i/ps7_0_axi_periph/xbar/inst/gen_samd.crossbar_samd/gen_slave_slots[0].gen_si_write.si_transactor_aw/gen_multi_thread.cmd_push_5                                                              | sc7z010_demo_i/ps7_0_axi_periph/xbar/inst/gen_samd.crossbar_samd/gen_slave_slots[0].gen_si_write.si_transactor_aw/gen_multi_thread.arbiter_resp_inst/SR[0] |                3 |             28 |
|  sc7z010_demo_i/processing_system7_0/inst/FCLK_CLK0 | sc7z010_demo_i/ps7_0_axi_periph/xbar/inst/gen_samd.crossbar_samd/gen_slave_slots[0].gen_si_write.si_transactor_aw/gen_multi_thread.cmd_push_6                                                              | sc7z010_demo_i/ps7_0_axi_periph/xbar/inst/gen_samd.crossbar_samd/gen_slave_slots[0].gen_si_write.si_transactor_aw/gen_multi_thread.arbiter_resp_inst/SR[0] |                3 |             28 |
|  sc7z010_demo_i/processing_system7_0/inst/FCLK_CLK0 | sc7z010_demo_i/ps7_0_axi_periph/xbar/inst/gen_samd.crossbar_samd/gen_slave_slots[0].gen_si_write.si_transactor_aw/gen_multi_thread.cmd_push_4                                                              | sc7z010_demo_i/ps7_0_axi_periph/xbar/inst/gen_samd.crossbar_samd/gen_slave_slots[0].gen_si_write.si_transactor_aw/gen_multi_thread.arbiter_resp_inst/SR[0] |                3 |             28 |
|  sc7z010_demo_i/processing_system7_0/inst/FCLK_CLK0 | sc7z010_demo_i/ps7_0_axi_periph/xbar/inst/gen_samd.crossbar_samd/gen_slave_slots[0].gen_si_write.si_transactor_aw/gen_multi_thread.cmd_push_2                                                              | sc7z010_demo_i/ps7_0_axi_periph/xbar/inst/gen_samd.crossbar_samd/gen_slave_slots[0].gen_si_write.si_transactor_aw/gen_multi_thread.arbiter_resp_inst/SR[0] |                3 |             28 |
|  sc7z010_demo_i/processing_system7_0/inst/FCLK_CLK0 | sc7z010_demo_i/ps7_0_axi_periph/m00_couplers/auto_pc/inst/gen_axilite.gen_b2s_conv.axilite_b2s/SI_REG/b.b_pipe/p_1_in                                                                                      |                                                                                                                                                            |                2 |             28 |
|  sc7z010_demo_i/processing_system7_0/inst/FCLK_CLK0 | sc7z010_demo_i/ps7_0_axi_periph/xbar/inst/gen_samd.crossbar_samd/gen_slave_slots[0].gen_si_read.si_transactor_ar/gen_multi_thread.cmd_push_0                                                               | sc7z010_demo_i/ps7_0_axi_periph/xbar/inst/gen_samd.crossbar_samd/gen_slave_slots[0].gen_si_write.si_transactor_aw/gen_multi_thread.arbiter_resp_inst/SR[0] |                3 |             28 |
|  sc7z010_demo_i/processing_system7_0/inst/FCLK_CLK0 | sc7z010_demo_i/ps7_0_axi_periph/xbar/inst/gen_samd.crossbar_samd/gen_slave_slots[0].gen_si_write.si_transactor_aw/gen_multi_thread.cmd_push_1                                                              | sc7z010_demo_i/ps7_0_axi_periph/xbar/inst/gen_samd.crossbar_samd/gen_slave_slots[0].gen_si_write.si_transactor_aw/gen_multi_thread.arbiter_resp_inst/SR[0] |                3 |             28 |
|  sc7z010_demo_i/processing_system7_0/inst/FCLK_CLK0 | sc7z010_demo_i/ps7_0_axi_periph/xbar/inst/gen_samd.crossbar_samd/gen_slave_slots[0].gen_si_write.si_transactor_aw/gen_multi_thread.cmd_push_3                                                              | sc7z010_demo_i/ps7_0_axi_periph/xbar/inst/gen_samd.crossbar_samd/gen_slave_slots[0].gen_si_write.si_transactor_aw/gen_multi_thread.arbiter_resp_inst/SR[0] |                3 |             28 |
|  sc7z010_demo_i/processing_system7_0/inst/FCLK_CLK0 | sc7z010_demo_i/axi_bram_ctrl_0/U0/gext_inst.abcv4_0_ext_inst/GEN_AXI4.I_FULL_AXI/I_WR_CHNL/I_WRAP_BRST/bram_addr_ld_en                                                                                     | sc7z010_demo_i/axi_bram_ctrl_0/U0/gext_inst.abcv4_0_ext_inst/GEN_AXI4.I_FULL_AXI/I_RD_CHNL/I_WRAP_BRST/SR[0]                                               |                5 |             28 |
|  sc7z010_demo_i/processing_system7_0/inst/FCLK_CLK0 | sc7z010_demo_i/ps7_0_axi_periph/m00_couplers/auto_pc/inst/gen_axilite.gen_b2s_conv.axilite_b2s/SI_REG/b.b_pipe/skid_buffer_reg[0]_0                                                                        |                                                                                                                                                            |                3 |             28 |
|  sc7z010_demo_i/processing_system7_0/inst/FCLK_CLK0 | sc7z010_demo_i/axi_gpio_0/U0/AXI_LITE_IPIF_I/I_SLAVE_ATTACHMENT/I_DECODER/E[0]                                                                                                                             | sc7z010_demo_i/axi_gpio_0/U0/AXI_LITE_IPIF_I/I_SLAVE_ATTACHMENT/SR[0]                                                                                      |                4 |             30 |
|  sc7z010_demo_i/processing_system7_0/inst/FCLK_CLK0 | sc7z010_demo_i/axi_gpio_0/U0/AXI_LITE_IPIF_I/I_SLAVE_ATTACHMENT/I_DECODER/Not_Dual.gpio_OE_reg[0][0]                                                                                                       | sc7z010_demo_i/axi_gpio_0/U0/AXI_LITE_IPIF_I/I_SLAVE_ATTACHMENT/SR[0]                                                                                      |                4 |             30 |
|  sc7z010_demo_i/processing_system7_0/inst/FCLK_CLK0 | sc7z010_demo_i/axi_bram_ctrl_0/U0/gext_inst.abcv4_0_ext_inst/GEN_AXI4.I_FULL_AXI/I_RD_CHNL/I_WRAP_BRST/bram_addr_ld_en                                                                                     | sc7z010_demo_i/axi_bram_ctrl_0/U0/gext_inst.abcv4_0_ext_inst/GEN_AXI4.I_FULL_AXI/I_RD_CHNL/I_WRAP_BRST/SR[0]                                               |                6 |             30 |
|  sc7z010_demo_i/processing_system7_0/inst/FCLK_CLK0 | sc7z010_demo_i/ps7_0_axi_periph/m00_couplers/auto_pc/inst/gen_axilite.gen_b2s_conv.axilite_b2s/WR.aw_channel_0/aw_cmd_fsm_0/m_payload_i_reg[0]                                                             |                                                                                                                                                            |                3 |             32 |
|  sc7z010_demo_i/processing_system7_0/inst/FCLK_CLK0 | sc7z010_demo_i/axi_gpio_0/U0/AXI_LITE_IPIF_I/I_SLAVE_ATTACHMENT/s_axi_rresp_i                                                                                                                              | sc7z010_demo_i/axi_gpio_0/U0/AXI_LITE_IPIF_I/I_SLAVE_ATTACHMENT/SR[0]                                                                                      |                4 |             32 |
|  sc7z010_demo_i/processing_system7_0/inst/FCLK_CLK0 | sc7z010_demo_i/ps7_0_axi_periph/m00_couplers/auto_pc/inst/gen_axilite.gen_b2s_conv.axilite_b2s/WR.aw_channel_0/aw_cmd_fsm_0/axaddr_wrap_reg[11][0]                                                         |                                                                                                                                                            |                9 |             48 |
|  sc7z010_demo_i/processing_system7_0/inst/FCLK_CLK0 | sc7z010_demo_i/ps7_0_axi_periph/m00_couplers/auto_pc/inst/gen_axilite.gen_b2s_conv.axilite_b2s/RD.ar_channel_0/ar_cmd_fsm_0/axaddr_wrap_reg[11]_0[0]                                                       |                                                                                                                                                            |                9 |             48 |
|  sc7z010_demo_i/processing_system7_0/inst/FCLK_CLK0 |                                                                                                                                                                                                            | sc7z010_demo_i/ps7_0_axi_periph/xbar/inst/gen_samd.crossbar_samd/gen_slave_slots[0].gen_si_write.si_transactor_aw/gen_multi_thread.arbiter_resp_inst/SR[0] |               12 |             56 |
|  sc7z010_demo_i/processing_system7_0/inst/FCLK_CLK0 |                                                                                                                                                                                                            | sc7z010_demo_i/axi_gpio_0/U0/gpio_core_1/Read_Reg_Rst                                                                                                      |               11 |             60 |
|  sc7z010_demo_i/processing_system7_0/inst/FCLK_CLK0 | sc7z010_demo_i/axi_bram_ctrl_0/U0/gext_inst.abcv4_0_ext_inst/GEN_AXI4.I_FULL_AXI/I_RD_CHNL/araddr_pipe_ld43_out                                                                                            |                                                                                                                                                            |                6 |             62 |
|  sc7z010_demo_i/processing_system7_0/inst/FCLK_CLK0 |                                                                                                                                                                                                            | sc7z010_demo_i/axi_gpio_0/U0/AXI_LITE_IPIF_I/I_SLAVE_ATTACHMENT/SR[0]                                                                                      |               12 |             62 |
|  sc7z010_demo_i/processing_system7_0/inst/FCLK_CLK0 | sc7z010_demo_i/axi_bram_ctrl_0/U0/gext_inst.abcv4_0_ext_inst/GEN_AXI4.I_FULL_AXI/I_WR_CHNL/GEN_AW_PIPE_DUAL.axi_awlen_pipe[7]_i_1_n_0                                                                      |                                                                                                                                                            |                8 |             62 |
|  sc7z010_demo_i/processing_system7_0/inst/FCLK_CLK0 | sc7z010_demo_i/axi_bram_ctrl_0/U0/gext_inst.abcv4_0_ext_inst/GEN_AXI4.I_FULL_AXI/I_RD_CHNL/axi_rdata_en                                                                                                    | sc7z010_demo_i/axi_bram_ctrl_0/U0/gext_inst.abcv4_0_ext_inst/GEN_AXI4.I_FULL_AXI/I_RD_CHNL/GEN_RID.axi_rid_int[11]_i_1_n_0                                 |                5 |             64 |
|  sc7z010_demo_i/processing_system7_0/inst/FCLK_CLK0 | sc7z010_demo_i/ps7_0_axi_periph/m00_couplers/auto_pc/inst/gen_axilite.gen_b2s_conv.axilite_b2s/WR.aw_channel_0/aw_cmd_fsm_0/m_payload_i_reg[0]_0[0]                                                        |                                                                                                                                                            |                5 |             64 |
|  sc7z010_demo_i/processing_system7_0/inst/FCLK_CLK0 | sc7z010_demo_i/axi_bram_ctrl_0/U0/gext_inst.abcv4_0_ext_inst/GEN_AXI4.I_FULL_AXI/I_WR_CHNL/wrdata_reg_ld                                                                                                   |                                                                                                                                                            |                6 |             64 |
|  sc7z010_demo_i/processing_system7_0/inst/FCLK_CLK0 | sc7z010_demo_i/ps7_0_axi_periph/m00_couplers/auto_pc/inst/gen_axilite.gen_b2s_conv.axilite_b2s/SI_REG/ar.ar_pipe/s_axi_arready                                                                             |                                                                                                                                                            |                6 |             64 |
|  sc7z010_demo_i/processing_system7_0/inst/FCLK_CLK0 | sc7z010_demo_i/ps7_0_axi_periph/m00_couplers/auto_pc/inst/gen_axilite.gen_b2s_conv.axilite_b2s/SI_REG/aw.aw_pipe/s_axi_awready                                                                             |                                                                                                                                                            |                8 |             64 |
|  sc7z010_demo_i/processing_system7_0/inst/FCLK_CLK0 | sc7z010_demo_i/axi_bram_ctrl_0/U0/gext_inst.abcv4_0_ext_inst/GEN_AXI4.I_FULL_AXI/I_RD_CHNL/rd_skid_buf_ld                                                                                                  | sc7z010_demo_i/axi_bram_ctrl_0/U0/gext_inst.abcv4_0_ext_inst/GEN_AXI4.I_FULL_AXI/I_RD_CHNL/I_WRAP_BRST/SR[0]                                               |                6 |             64 |
|  sc7z010_demo_i/processing_system7_0/inst/FCLK_CLK0 | sc7z010_demo_i/ps7_0_axi_periph/m00_couplers/auto_pc/inst/gen_axilite.gen_b2s_conv.axilite_b2s/RD.ar_channel_0/ar_cmd_fsm_0/m_payload_i_reg[0][0]                                                          |                                                                                                                                                            |                5 |             64 |
|  sc7z010_demo_i/processing_system7_0/inst/FCLK_CLK0 | sc7z010_demo_i/ps7_0_axi_periph/m00_couplers/auto_pc/inst/gen_axilite.gen_b2s_conv.axilite_b2s/RD.r_channel_0/rd_data_fifo_0/wr_en0                                                                        |                                                                                                                                                            |                8 |             64 |
|  sc7z010_demo_i/processing_system7_0/inst/FCLK_CLK0 | sc7z010_demo_i/ps7_0_axi_periph/xbar/inst/gen_samd.crossbar_samd/addr_arbiter_ar/p_1_in                                                                                                                    | sc7z010_demo_i/ps7_0_axi_periph/xbar/inst/gen_samd.crossbar_samd/gen_slave_slots[0].gen_si_write.si_transactor_aw/gen_multi_thread.arbiter_resp_inst/SR[0] |                8 |             66 |
|  sc7z010_demo_i/processing_system7_0/inst/FCLK_CLK0 |                                                                                                                                                                                                            | sc7z010_demo_i/axi_bram_ctrl_0/U0/gext_inst.abcv4_0_ext_inst/GEN_AXI4.I_FULL_AXI/I_RD_CHNL/I_WRAP_BRST/SR[0]                                               |               21 |             66 |
|  sc7z010_demo_i/processing_system7_0/inst/FCLK_CLK0 | sc7z010_demo_i/ps7_0_axi_periph/xbar/inst/gen_samd.crossbar_samd/addr_arbiter_aw/p_1_in                                                                                                                    | sc7z010_demo_i/ps7_0_axi_periph/xbar/inst/gen_samd.crossbar_samd/gen_slave_slots[0].gen_si_write.si_transactor_aw/gen_multi_thread.arbiter_resp_inst/SR[0] |                8 |             66 |
|  sc7z010_demo_i/processing_system7_0/inst/FCLK_CLK0 | sc7z010_demo_i/ps7_0_axi_periph/xbar/inst/gen_samd.crossbar_samd/gen_master_slots[0].reg_slice_mi/r.r_pipe/p_1_in_0                                                                                        |                                                                                                                                                            |               11 |             90 |
|  sc7z010_demo_i/processing_system7_0/inst/FCLK_CLK0 | sc7z010_demo_i/ps7_0_axi_periph/xbar/inst/gen_samd.crossbar_samd/gen_master_slots[0].reg_slice_mi/r.r_pipe/m_axi_rready[0]                                                                                 |                                                                                                                                                            |                8 |             90 |
|  sc7z010_demo_i/processing_system7_0/inst/FCLK_CLK0 | sc7z010_demo_i/ps7_0_axi_periph/xbar/inst/gen_samd.crossbar_samd/gen_master_slots[1].reg_slice_mi/r.r_pipe/m_axi_rready[1]                                                                                 |                                                                                                                                                            |               10 |             90 |
|  sc7z010_demo_i/processing_system7_0/inst/FCLK_CLK0 | sc7z010_demo_i/ps7_0_axi_periph/m00_couplers/auto_pc/inst/gen_axilite.gen_b2s_conv.axilite_b2s/SI_REG/r.r_pipe/p_1_in                                                                                      |                                                                                                                                                            |                7 |             90 |
|  sc7z010_demo_i/processing_system7_0/inst/FCLK_CLK0 | sc7z010_demo_i/ps7_0_axi_periph/m00_couplers/auto_pc/inst/gen_axilite.gen_b2s_conv.axilite_b2s/SI_REG/r.r_pipe/skid_buffer_reg[0]_0                                                                        |                                                                                                                                                            |                8 |             90 |
|  sc7z010_demo_i/processing_system7_0/inst/FCLK_CLK0 | sc7z010_demo_i/ps7_0_axi_periph/xbar/inst/gen_samd.crossbar_samd/gen_slave_slots[0].gen_si_read.si_transactor_ar/gen_multi_thread.arbiter_resp_inst/m_payload_i_reg[0]_0[0]                                |                                                                                                                                                            |               11 |             90 |
|  sc7z010_demo_i/processing_system7_0/inst/FCLK_CLK0 |                                                                                                                                                                                                            | sc7z010_demo_i/ps7_0_axi_periph/m00_couplers/auto_pc/inst/gen_axilite.gen_b2s_conv.axilite_b2s/areset_d1                                                   |               14 |            120 |
|  sc7z010_demo_i/processing_system7_0/inst/FCLK_CLK0 |                                                                                                                                                                                                            |                                                                                                                                                            |               93 |            498 |
+-----------------------------------------------------+------------------------------------------------------------------------------------------------------------------------------------------------------------------------------------------------------------+------------------------------------------------------------------------------------------------------------------------------------------------------------+------------------+----------------+


