Copyright 1986-2018 Xilinx, Inc. All Rights Reserved.
------------------------------------------------------------------------------------------
| Tool Version : Vivado v.2018.2 (win64) Build 2258646 Thu Jun 14 20:03:12 MDT 2018
| Date         : Thu Apr  4 23:02:36 2019
| Host         : DESKTOP-L28RN3T running 64-bit major release  (build 9200)
| Command      : report_control_sets -verbose -file image_dvi_top_control_sets_placed.rpt
| Design       : image_dvi_top
| Device       : xc7z010
------------------------------------------------------------------------------------------

Control Set Information

Table of Contents
-----------------
1. Summary
2. Histogram
3. Flip-Flop Distribution
4. Detailed Control Set Information

1. Summary
----------

+----------------------------------------------------------+-------+
|                          Status                          | Count |
+----------------------------------------------------------+-------+
| Number of unique control sets                            |     9 |
| Unused register locations in slices containing registers |    22 |
+----------------------------------------------------------+-------+


2. Histogram
------------

+--------+--------------+
| Fanout | Control Sets |
+--------+--------------+
|      4 |            1 |
|     14 |            1 |
|    16+ |            7 |
+--------+--------------+


3. Flip-Flop Distribution
-------------------------

+--------------+-----------------------+------------------------+-----------------+--------------+
| Clock Enable | Synchronous Set/Reset | Asynchronous Set/Reset | Total Registers | Total Slices |
+--------------+-----------------------+------------------------+-----------------+--------------+
| No           | No                    | No                     |              94 |           24 |
| No           | No                    | Yes                    |               4 |            1 |
| No           | Yes                   | No                     |              58 |            8 |
| Yes          | No                    | No                     |               0 |            0 |
| Yes          | No                    | Yes                    |               0 |            0 |
| Yes          | Yes                   | No                     |              86 |           18 |
+--------------+-----------------------+------------------------+-----------------+--------------+


4. Detailed Control Set Information
-----------------------------------

+-------------------------------------------------+-----------------------------------------------+--------------------------------------------------------------+------------------+----------------+
|                   Clock Signal                  |                 Enable Signal                 |                       Set/Reset Signal                       | Slice Load Count | Bel Load Count |
+-------------------------------------------------+-----------------------------------------------+--------------------------------------------------------------+------------------+----------------+
|  clk_40MHz_200MHz_0/clk_40_200/inst/clk_40_out  |                                               | rst_IBUF                                                     |                1 |              4 |
|  clk_40MHz_200MHz_0/clk_40_200/inst/clk_200_out |                                               |                                                              |                5 |             14 |
|  clk_40MHz_200MHz_0/clk_40_200/inst/clk_200_out | clk_40MHz_200MHz_0/clk_40_200/inst/clk_40_out | color_8_24_0/color_24[23]_i_1_n_0                            |                8 |             16 |
|  clk_40MHz_200MHz_0/clk_40_200/inst/clk_200_out | vga_ctrl_0/counter_h0                         | vga_ctrl_0/counter_h[9]_i_1_n_0                              |                3 |             16 |
|  clk_40MHz_200MHz_0/clk_40_200/inst/clk_40_out  |                                               | rgb2dvi_0/DataEncoders[0].DataEncoder/pDataOutRaw[9]_i_1_n_0 |                1 |             16 |
|  clk_40MHz_200MHz_0/clk_40_200/inst/clk_200_out | vga_ctrl_0/counter_v0                         | vga_ctrl_0/counter_v[9]_i_1_n_0                              |                2 |             18 |
|  clk_40MHz_200MHz_0/clk_40_200/inst/clk_200_out | vga_ctrl_0/addr_sig0                          | vga_ctrl_0/addr_sig_reg[0]                                   |                5 |             36 |
|  clk_40MHz_200MHz_0/clk_40_200/inst/clk_40_out  |                                               | rgb2dvi_0/DataEncoders[0].DataEncoder/SR[0]                  |                7 |             42 |
|  clk_40MHz_200MHz_0/clk_40_200/inst/clk_40_out  |                                               |                                                              |               19 |             80 |
+-------------------------------------------------+-----------------------------------------------+--------------------------------------------------------------+------------------+----------------+


